小红书 API 测试报告
生成时间: 2026-06-25 11:08:34
目标地址: http://localhost:8080/api
================================================================================

总计: 91 | 通过: 88 | 失败: 3

失败用例:
--------------------------------------------------------------------------------

[笔记模块] 2.1.1 正常创建笔记
  接口: POST /post/create
  HTTP: 期望=200 实际=400
  业务码: 期望=200 实际=2005
  说明: 业务码不匹配: message=笔记必须包含至少一张图片或一个视频

[笔记模块] 2.1.4 标题长度=200(最大值)
  接口: POST /post/create
  HTTP: 期望=200 实际=400
  业务码: 期望=200 实际=2005
  说明: 业务码不匹配: message=笔记必须包含至少一张图片或一个视频

[笔记模块] 2.1.6 正文内容长度=10000(最大值)
  接口: POST /post/create
  HTTP: 期望=200 实际=400
  业务码: 期望=200 实际=2005
  说明: 业务码不匹配: message=笔记必须包含至少一张图片或一个视频

================================================================================
全部用例明细:
--------------------------------------------------------------------------------
[PASS] 用户模块 > 1.1.1 正常注册(全部字段) (POST /user/register)
[PASS] 用户模块 > 1.1.2 仅必填字段注册 (POST /user/register)
[PASS] 用户模块 > 1.1.3 用户名已存在 (POST /user/register)
[PASS] 用户模块 > 1.1.4 用户名为空 (POST /user/register)
[PASS] 用户模块 > 1.1.5 密码为空 (POST /user/register)
[PASS] 用户模块 > 1.1.6 用户名长度=2(低于最小值) (POST /user/register)
[PASS] 用户模块 > 1.1.7 用户名长度=3(最小值) (POST /user/register)
[PASS] 用户模块 > 1.1.8 用户名长度=20(最大值) (POST /user/register)
[PASS] 用户模块 > 1.1.9 用户名长度=21(超过最大值) (POST /user/register)
[PASS] 用户模块 > 1.1.10 密码长度=5(低于最小值) (POST /user/register)
[PASS] 用户模块 > 1.1.11 密码长度=6(最小值) (POST /user/register)
[PASS] 用户模块 > 1.1.12 密码长度=20(最大值) (POST /user/register)
[PASS] 用户模块 > 1.1.13 密码长度=21(超过最大值) (POST /user/register)
[PASS] 用户模块 > 1.1.14 昵称长度=20(最大值) (POST /user/register)
[PASS] 用户模块 > 1.1.15 昵称长度=21(超过最大值) (POST /user/register)
[PASS] 用户模块 > 1.1.16 手机号格式不正确 (POST /user/register)
[PASS] 用户模块 > 1.1.17 SQL注入-用户名 (POST /user/register)
[PASS] 用户模块 > 1.1.18 XSS注入-昵称 (POST /user/register)
[PASS] 用户模块 > 1.1.19 请求体为空 (POST /user/register)
[PASS] 用户模块 > 1.2.1 正常登录(admin) (POST /user/login)
[PASS] 用户模块 > 1.2.2 正常登录(新注册用户) (POST /user/login)
[PASS] 用户模块 > 1.2.3 正常登录(第二个用户) (POST /user/login)
[PASS] 用户模块 > 1.2.4 用户不存在 (POST /user/login)
[PASS] 用户模块 > 1.2.5 密码错误 (POST /user/login)
[PASS] 用户模块 > 1.2.6 用户名为空 (POST /user/login)
[PASS] 用户模块 > 1.2.7 密码为空 (POST /user/login)
[PASS] 用户模块 > 1.3.1 获取当前用户信息(有效token) (GET /user/me)
[PASS] 用户模块 > 1.3.2 获取当前用户信息(无token) (GET /user/me)
[PASS] 用户模块 > 1.3.3 获取当前用户信息(伪造token) (GET /user/me)
[PASS] 用户模块 > 1.4.1 根据ID获取用户(有效ID) (GET /user/1)
[PASS] 用户模块 > 1.4.2 根据ID获取用户(不存在的ID) (GET /user/999999)
[PASS] 用户模块 > 1.4.3 根据ID获取用户(非数字ID) (GET /user/abc)
[PASS] 用户模块 > 1.5.1 更新昵称 (PUT /user/update)
[PASS] 用户模块 > 1.5.2 更新多个字段 (PUT /user/update)
[PASS] 用户模块 > 1.5.3 昵称长度=20(最大值) (PUT /user/update)
[PASS] 用户模块 > 1.5.4 昵称长度=21(超过最大值) (PUT /user/update)
[PASS] 用户模块 > 1.5.5 个人简介长度=200(最大值) (PUT /user/update)
[PASS] 用户模块 > 1.5.6 个人简介长度=201(超过最大值) (PUT /user/update)
[PASS] 用户模块 > 1.5.7 无token更新 (PUT /user/update)
[FAIL] 笔记模块 > 2.1.1 正常创建笔记 (POST /post/create)
       原因: 业务码不匹配: message=笔记必须包含至少一张图片或一个视频
[PASS] 笔记模块 > 2.1.2 带图片URL创建 (POST /post/create)
[PASS] 笔记模块 > 2.1.3 标题为空 (POST /post/create)
[FAIL] 笔记模块 > 2.1.4 标题长度=200(最大值) (POST /post/create)
       原因: 业务码不匹配: message=笔记必须包含至少一张图片或一个视频
[PASS] 笔记模块 > 2.1.5 标题长度=201(超过最大值) (POST /post/create)
[FAIL] 笔记模块 > 2.1.6 正文内容长度=10000(最大值) (POST /post/create)
       原因: 业务码不匹配: message=笔记必须包含至少一张图片或一个视频
[PASS] 笔记模块 > 2.1.7 正文内容长度=10001(超过最大值) (POST /post/create)
[PASS] 笔记模块 > 2.1.8 无token创建 (POST /post/create)
[PASS] 笔记模块 > 2.3.2 无token删除 (DELETE /post/delete/1)
[PASS] 笔记模块 > 2.4.3 获取不存在的笔记 (GET /post/999999)
[PASS] 笔记模块 > 2.5.1 默认分页列表 (GET /post/list)
[PASS] 笔记模块 > 2.5.2 带分页参数 (GET /post/list)
[PASS] 笔记模块 > 2.5.3 关键词搜索 (GET /post/list)
[PASS] 笔记模块 > 2.5.4 类型筛选(type=0) (GET /post/list)
[PASS] 笔记模块 > 2.5.5 热门排序 (GET /post/list)
[PASS] 笔记模块 > 2.5.6 pageSize=0 (GET /post/list)
[PASS] 笔记模块 > 2.5.7 pageSize=101(超过最大值) (GET /post/list)
[PASS] 笔记模块 > 2.5.8 pageNum=0 (GET /post/list)
[PASS] 笔记模块 > 2.5.9 负数页码 (GET /post/list)
[PASS] 笔记模块 > 2.6.1 获取用户笔记列表 (GET /post/user/1)
[PASS] 笔记模块 > 2.7.1 获取我的笔记列表 (GET /post/my)
[PASS] 笔记模块 > 2.7.2 无token获取我的笔记 (GET /post/my)
[PASS] 关注模块 > 6.1.1 关注用户 (POST /follow/33)
[PASS] 关注模块 > 6.1.2 取消关注(toggle) (POST /follow/33)
[PASS] 关注模块 > 6.1.3 再次关注 (POST /follow/33)
[PASS] 关注模块 > 6.1.4 关注自己 (POST /follow/32)
[PASS] 关注模块 > 6.1.5 无token关注 (POST /follow/33)
[PASS] 关注模块 > 6.1.6 关注不存在的用户 (POST /follow/999999)
[PASS] 关注模块 > 6.2.1 获取关注状态 (GET /follow/status/33)
[PASS] 关注模块 > 6.3.1 获取关注列表 (GET /follow/following/32)
[PASS] 关注模块 > 6.4.1 获取粉丝列表 (GET /follow/followers/33)
[PASS] 关注模块 > 6.5.1 获取关注粉丝数量 (GET /follow/count/32)
[PASS] 文件上传模块 > 7.1.1 上传图片 (POST /upload/image)
[PASS] 文件上传模块 > 7.1.2 上传通用文件 (POST /upload/file)
[PASS] 文件上传模块 > 7.1.3 无token上传 (POST /upload/image)
[PASS] 文件上传模块 > 7.1.4 无文件上传 (POST /upload/image)
[PASS] 安全测试 > 8.1.1 SQL注入-用户名登录 (POST /user/login)
[PASS] 安全测试 > 8.1.2 SQL注入-搜索关键词 (GET /post/list)
[PASS] 安全测试 > 8.2.1 空Body请求 (POST /user/login)
[PASS] 安全测试 > 8.2.2 空JSON对象 (POST /user/login)
[PASS] 安全测试 > 8.2.3 无效JSON格式 (POST /user/login)
[PASS] 安全测试 > 8.2.4 错误HTTP方法(DELETE到POST接口) (DELETE /user/login)
[PASS] 安全测试 > 8.2.5 错误HTTP方法(GET到POST接口) (GET /user/register)
[PASS] 安全测试 > 8.3.1 未授权访问 GET /user/me (GET /user/me)
[PASS] 安全测试 > 8.3.1 未授权访问 PUT /user/update (PUT /user/update)
[PASS] 安全测试 > 8.3.1 未授权访问 POST /post/create (POST /post/create)
[PASS] 安全测试 > 8.3.1 未授权访问 GET /post/my (GET /post/my)
[PASS] 安全测试 > 8.3.1 未授权访问 POST /comment/create (POST /comment/create)
[PASS] 安全测试 > 8.3.1 未授权访问 POST /like/post/1 (POST /like/post/1)
[PASS] 安全测试 > 8.3.1 未授权访问 POST /collect/post/1 (POST /collect/post/1)
[PASS] 安全测试 > 8.3.1 未授权访问 POST /follow/1 (POST /follow/1)
[PASS] 安全测试 > 8.4.1 不存在的路由 (GET /nonexistent/endpoint)
